// Jest Snapshot v1, https://goo.gl/fbAQLP

exports[`Given the "mirror" metadata builder when using it should return a valid MirrorMetadata 1`] = `
{
  "$schema": "https://json-schemas.digiv3rse.xyz/publications/mirror/1.0.0.json",
  "digi": {
    "appId": "com.example.app",
    "id": Any<String>,
  },
}
`;
