// Jest Snapshot v1, https://goo.gl/fbAQLP

exports[`Given the "profile" metadata builder when using it should return a valid ProfileMetadata 1`] = `
{
  "$schema": "https://json-schemas.digiv3rse.xyz/profile/2.0.0.json",
  "digi": {
    "attributes": [
      {
        "key": "twitter",
        "type": "String",
        "value": "https://twitter.com/johndoe",
      },
      {
        "key": "dob",
        "type": "Date",
        "value": "1990-01-01T00:00:00Z",
      },
      {
        "key": "enabled",
        "type": "Boolean",
        "value": "true",
      },
      {
        "key": "height",
        "type": "Number",
        "value": "1.8",
      },
      {
        "key": "settings",
        "type": "JSON",
        "value": "{"theme": "dark"}",
      },
    ],
    "bio": "Lorem ipsum dolor sit amet, consectetur adipiscing elit. Donec a diam lectus. Sed sit amet ipsum mauris.

        - Lorem ipsum dolor sit amet, consectetur adipiscing elit.
        - Donec a diam lectus.",
    "coverPicture": "https://example.com/cover.png",
    "id": Any<String>,
    "name": "John Doe",
    "picture": "https://example.com/picture.png",
  },
}
`;
